
Enter n, r, p, g or x: 
Enter game type (c,r): 
Enter winner ID (1-5): 
Enter loser ID (1-5): 
New game added
Enter n, r, p, g or x: 
Enter game type (c,r): 
Enter winner ID (1-5): 
Enter loser ID (1-5): 
New game added
Enter n, r, p, g or x: 
Enter game type (c,r): 
Enter winner ID (1-5): 
Enter loser ID (1-5): 
New game added
Enter n, r, p, g or x: 
Enter game type (c,r): 
Enter winner ID (1-5): 
Enter loser ID (1-5): 
New game added
Enter n, r, p, g or x: 
Ranked or casual? (r,c): 
Winner: 1 - Loser: 2
Winner: 2 - Loser: 3
Winner: 1 - Loser: 3
Winner: 4 - Loser: 3
Enter n, r, p, g or x: 