
Enter n, r, p, g or x: 
Enter game type (c,r): 
Enter winner ID (1-5): 
Enter loser ID (1-5): 
New game added
Enter n, r, p, g or x: 
Enter game type (c,r): 
Enter winner ID (1-5): 
Enter loser ID (1-5): 
New game added
Enter n, r, p, g or x: 
Enter game type (c,r): 
Enter winner ID (1-5): 
Enter loser ID (1-5): 
New game added
Enter n, r, p, g or x: 
Player ranks
Player 1 - Rank 200 - TOP
Player 2 - Rank 100
Player 3 - Rank 0
Player 4 - Rank 100
Player 5 - Rank 100
Enter n, r, p, g or x: 