
Enter c, n, t, p or x: 
Added player 11 to bench
Enter c, n, t, p or x: 
Added player 12 to bench
Enter c, n, t, p or x: 
Added player 13 to bench
Enter c, n, t, p or x: 
Added player 14 to bench
Enter c, n, t, p or x: 
Added player 15 to bench
Enter c, n, t, p or x: 
On ice
Player 1 - Ice time 1 - Penalties 0
Player 2 - Ice time 1 - Penalties 0
Player 3 - Ice time 1 - Penalties 0
Player 4 - Ice time 1 - Penalties 0
Player 5 - Ice time 1 - Penalties 0
On bench
Player 15 - Ice time 0 - Penalties 0
Player 14 - Ice time 0 - Penalties 0
Player 13 - Ice time 0 - Penalties 0
Player 12 - Ice time 0 - Penalties 0
Player 11 - Ice time 0 - Penalties 0
Player 6 - Ice time 0 - Penalties 0
Player 7 - Ice time 0 - Penalties 0
Player 8 - Ice time 0 - Penalties 0
Player 9 - Ice time 0 - Penalties 0
Player 10 - Ice time 0 - Penalties 0
Penalties
Enter c, n, t, p or x: 
Enter ice player number: 
Enter bench player number: 
Enter c, n, t, p or x: 
Enter ice player number: 
Enter bench player number: 
Enter c, n, t, p or x: 
Enter ice player number: 
Enter bench player number: 
Enter c, n, t, p or x: 
Enter ice player number: 
Enter bench player number: 
Enter c, n, t, p or x: 
Enter ice player number: 
Enter bench player number: 
Enter c, n, t, p or x: 
On ice
Player 15 - Ice time 1 - Penalties 0
Player 14 - Ice time 1 - Penalties 0
Player 13 - Ice time 1 - Penalties 0
Player 12 - Ice time 1 - Penalties 0
Player 11 - Ice time 1 - Penalties 0
On bench
Player 1 - Ice time 1 - Penalties 0
Player 2 - Ice time 1 - Penalties 0
Player 3 - Ice time 1 - Penalties 0
Player 4 - Ice time 1 - Penalties 0
Player 5 - Ice time 1 - Penalties 0
Player 6 - Ice time 0 - Penalties 0
Player 7 - Ice time 0 - Penalties 0
Player 8 - Ice time 0 - Penalties 0
Player 9 - Ice time 0 - Penalties 0
Player 10 - Ice time 0 - Penalties 0
Penalties
Enter c, n, t, p or x: 