
Enter n, r, p, g or x: 
Enter game type (c,r): 
Enter winner ID (1-5): 
Enter loser ID (1-5): 
New game added
Enter n, r, p, g or x: 
Enter game type (c,r): 
Enter winner ID (1-5): 
Enter loser ID (1-5): 
New game added
Enter n, r, p, g or x: 
Enter game type (c,r): 
Enter winner ID (1-5): 
Enter loser ID (1-5): 
New game added
Enter n, r, p, g or x: 
Enter game type (c,r): 
Enter winner ID (1-5): 
Enter loser ID (1-5): 
New game added
Enter n, r, p, g or x: 
Select player (1-5): 
Player 1 - Rank 200
Wins/Losses/Winrate: 2/0/100.00 %
Enter n, r, p, g or x: 
Select player (1-5): 
Player 5 - Rank 100
Wins/Losses/Winrate: 0/0/0.00 %
Enter n, r, p, g or x: 