
Enter n, t OR x: 
Enter length,width: 
Invalid length or width
New greatest length: 10
Enter n, t OR x: 
Enter length,width: 
Invalid length or width
New greatest width: 10
Enter n, t OR x: 
Enter length,width: 
Invalid length or width
New second greatest width: 10
Enter n, t OR x: 
Enter length,width: 
Invalid length or width
New second greatest length: 10
Enter n, t OR x: 
Enter length,width: 
Invalid length or width
Enter n, t OR x: 
Enter length,width: 
Invalid length or width
Enter n, t OR x: 
Enter length,width: 
Invalid length or width
Enter n, t OR x: 
Biggest areas
Area: 100
Area: 100
Average area: 100.00