
Enter n, t OR x: 
Enter length,width: 
Invalid length or width
New greatest width: 42
Enter n, t OR x: 
Enter length,width: 
Area: 21
New greatest length: 7
New second greatest width: 3
Enter n, t OR x: 
Enter length,width: 
Invalid length or width
New greatest length: 12
Enter n, t OR x: 
Biggest areas
Area: 504
Area: 21
Average area: 262.50