Enter n, t OR x:
Enter length,width:
Area: 150
New greatest length: 15
New greatest width: 10
Enter n, t OR x:
Enter length,width:
Area: 150
New second greatest length: 15
New second greatest width: 10
Enter n, t OR x:
Enter length,width:
Area: 150
New third greatest length: 15
New third greatest width: 10
Enter n, t OR x:
Biggest areas
Area: 150
Area: 150
Area: 150
Average area: 150.00