
Enter n, r, p, g or x: 
Enter game type (c,r): 
Enter winner ID (1-5): 
Enter loser ID (1-5): 
New game added
Enter n, r, p, g or x: 
Enter game type (c,r): 
Enter winner ID (1-5): 
Enter loser ID (1-5): 
New game added
Enter n, r, p, g or x: 
Enter game type (c,r): 
Enter winner ID (1-5): 
Enter loser ID (1-5): 
New game added
Enter n, r, p, g or x: 
Enter game type (c,r): 
Enter winner ID (1-5): 
Enter loser ID (1-5): 
New game added
Enter n, r, p, g or x: 
Select player (1-5): 
Player 2 - Rank 100
Wins/Losses/Winrate: 1/1/50.00 %
Enter n, r, p, g or x: 