
Enter c, n, t, p or x: 
Enter player number: 
Enter c, n, t, p or x: 
Enter player number: 
Enter c, n, t, p or x: 
Enter player number: 
Enter c, n, t, p or x: 
Enter player number: 
Enter c, n, t, p or x: 
Enter player number: 
Enter c, n, t, p or x: 
On ice
On bench
Player 6 - Ice time 0 - Penalties 0
Player 7 - Ice time 0 - Penalties 0
Player 8 - Ice time 0 - Penalties 0
Player 9 - Ice time 0 - Penalties 0
Player 10 - Ice time 0 - Penalties 0
Penalties
Player 3 - Ice time 1 - Penalties 1
Player 5 - Ice time 1 - Penalties 1
Player 1 - Ice time 1 - Penalties 1
Player 2 - Ice time 1 - Penalties 1
Player 4 - Ice time 1 - Penalties 1
Enter c, n, t, p or x: 
Enter player number: 
Enter c, n, t, p or x: 
Enter player number: 
Enter c, n, t, p or x: 
Enter player number: 
Enter c, n, t, p or x: 
Enter player number: 
Enter c, n, t, p or x: 
On ice
On bench
Player 6 - Ice time 0 - Penalties 0
Player 7 - Ice time 0 - Penalties 0
Player 8 - Ice time 0 - Penalties 0
Player 9 - Ice time 0 - Penalties 0
Player 10 - Ice time 0 - Penalties 0
Penalties
Player 1 - Ice time 2 - Penalties 2
Player 3 - Ice time 2 - Penalties 2
Player 5 - Ice time 1 - Penalties 1
Player 2 - Ice time 1 - Penalties 1
Player 4 - Ice time 1 - Penalties 1
Enter c, n, t, p or x: 
Enter player number: 
Enter c, n, t, p or x: 
Enter player number: 
Enter c, n, t, p or x: 
On ice
Player 4 - Ice time 2 - Penalties 1
Player 5 - Ice time 2 - Penalties 1
On bench
Player 6 - Ice time 0 - Penalties 0
Player 7 - Ice time 0 - Penalties 0
Player 8 - Ice time 0 - Penalties 0
Player 9 - Ice time 0 - Penalties 0
Player 10 - Ice time 0 - Penalties 0
Penalties
Player 1 - Ice time 2 - Penalties 2
Player 3 - Ice time 2 - Penalties 2
Player 2 - Ice time 1 - Penalties 1
Enter c, n, t, p or x: 