Enter n, t OR x:
Enter length,width:
Area: 168
New greatest length: 12
New greatest width: 14
Enter n, t OR x:
Enter length,width:
Area: 28
New second greatest length: 4
New second greatest width: 7
Enter n, t OR x:
Biggest areas
Area: 168
Area: 28
Average area: 98.00
Enter n, t OR x:
Biggest areas
Area: 168
Area: 28
Average area: 98.00