
Enter n, r, p, g or x: 
Enter game type (c,r): 
Enter winner ID (1-5): 
Enter loser ID (1-5): 
New game added
Enter n, r, p, g or x: 
Enter game type (c,r): 
Enter winner ID (1-5): 
Enter loser ID (1-5): 
New game added
Enter n, r, p, g or x: 
Enter game type (c,r): 
Enter winner ID (1-5): 
Enter loser ID (1-5): 
New game added
Enter n, r, p, g or x: 
Enter game type (c,r): 
Enter winner ID (1-5): 
Enter loser ID (1-5): 
New game added
Enter n, r, p, g or x: 
Select player (1-5): 
Player 3 - Rank 0
Wins/Losses/Winrate: 0/3/0.00 %
Enter n, r, p, g or x: 