Enter n, t OR x:
Enter length,width:
Area: 6
New greatest length: 3
New greatest width: 2
Enter n, t OR x:
Enter length,width:
Area: 20
New greatest length: 5
New greatest width: 4
Enter n, t OR x:
Enter length,width:
Area: 42
New greatest length: 7
New greatest width: 6
Enter n, t OR x:
Biggest areas
Area: 42
Area: 20
Area: 6
Average area: 22.67
Enter n, t OR x:
Biggest areas
Area: 42
Area: 20
Area: 6
Average area: 22.67